================================================================================
== Profile: REAL-TIME, CPU-freq = 0.00 GHz
                                                          Calls Real-Time  Parent 
                                                                   (secs) fraction

    <zixl_543IiP35>~_zixl                                                1 18741997925.0 (100.0%)
  zixl_z57-ZAiL~_zixl                                                    1 18741997925.0         
    zixl_iSe2-4IPr155~_zixl                                              1 2015842982.0 ( 10.8%)
      zixl_tP42-1eAyPIA2iPL~_zixl                                        1 1554623146.0 ( 77.1%)
        zixl_tP42-ZAiL~_zixl                                             1 1189019244.0 ( 76.5%)
          zixl_bgV-NIAL5eA2iPL~_zixl                                     1 733002694.0 ( 61.6%)
            zixl_V91rdrP41 [R]~_zixl                                   138 79996216.0 ( 10.9%)
            zixl_iSe2-2IAL5eA21-tePq~_zixl                               5 56452248.0 (  7.7%)
              zixl_2IAL5eA2iLq~_zixl                                     5 56083338.0 ( 99.3%)
                zixl_2IAL5eA21-tePq~_zixl                                5 5679140.0 ( 10.1%)
                <zixl_I152>~_zixl                                          50339024.0 ( 89.8%)
            <zixl_I152>~_zixl                                              596554230.0 ( 81.4%)
          zixl_eiL2-4I1-1eAy-rAeeyAr8~_zixl                             70 151075446.0 ( 12.7%)
            <zixl_I152>~_zixl                                              150041242.0 ( 99.3%)
          <zixl_I152>~_zixl                                                304553368.0 ( 25.6%)
        <zixl_I152>~_zixl                                                  365603902.0 ( 23.5%)
      zixl_bgV-I152PI1-UPI8-ZA44iLq~_zixl                                1 177493726.0 (  8.8%)
      zixl_5At1-tP42-SA2A~_zixl                                          1 34906003.0 (  1.7%)
        zixl_iSe2-5At1~_zixl                                             1 34895893.0 (100.0%)
          zixl_42-5At1~_zixl                                             5 29906053.0 ( 85.7%)
          zixl_iSe2-32q-5At1~_zixl                                       1 2864770.0 (  8.2%)
          zixl_4rSy-5At1-iL21IZ1SiA21~_zixl                              1  569754.0 (  1.6%)
          <zixl_I152>~_zixl                                                1555316.0 (  4.5%)
      <zixl_I152>~_zixl                                                    240261687.0 ( 11.9%)
    <zixl_I152>~_zixl                                                      16726134771.0 ( 89.2%)


================================================================================
== Profile: PEAK-MEMORY, CPU-freq = 0.00 GHz
                                                          Calls   Peak-Mb         
                                                                                  

